Global frequency set at 1000000000000 ticks per second
gem5 Simulator System.  https://www.gem5.org
gem5 is copyrighted software; use the --copyright option for details.

gem5 version 24.0.0.1
gem5 compiled Jul 30 2026 00:27:12
gem5 started Jul 30 2026 17:20:02
gem5 executing on ab-razer, pid 1750855
command line: /home/ab/Documents/00_github_repos/02_GraphBrew/bench/include/gem5_sim/gem5/build/RISCV/gem5.opt --outdir=/tmp/ecg_modes_verify /home/ab/Documents/00_github_repos/02_GraphBrew/bench/include/gem5_sim/gem5/configs/deprecated/example/se.py --cmd /home/ab/Documents/00_github_repos/02_GraphBrew/bench/bin_gem5/test_ecg_load_modes_riscv_m5ops --cpu-type=AtomicSimpleCPU

info: Standard input is not a terminal, disabling listeners.
**** REAL SIMULATION ****
[test_ecg_load_modes] EVICT      wc= 0 dest=254        rd=254        [OK]
[test_ecg_load_modes] EVICT      wc= 1 dest=48879      rd=48879      [OK]
[test_ecg_load_modes] EVICT      wc= 2 dest=3849438    rd=3849438    [OK]
[test_ecg_load_modes] EVICT      wc= 3 dest=3849438    rd=3849438    [OK]
[test_ecg_load_modes] EVICT+PFX  wc= 0 dest=254        rd=254        [OK]
[test_ecg_load_modes] EVICT+PFX  wc= 1 dest=48879      rd=48879      [OK]
[test_ecg_load_modes] EVICT+PFX  wc= 2 dest=3849438    rd=3849438    [OK]
[test_ecg_load_modes] EVICT+PFX  wc= 3 dest=3849438    rd=3849438    [OK]
[test_ecg_load_modes] EMBEDDED   wc=24 dest=3849438    rd=3849438    [OK]
[test_ecg_load_modes] LOAD2/K2 record=0xd9c091a212345678 rd=0xd9c091a212345678 stream=0xd9c091a212345678 [OK]
[test_ecg_load_modes] K2-C-SS-MLOAD compact=0x763a5 canonical=0x3a004700000025 dest=37 tier=3 epoch1=17 epoch2=29 current=11 context=7 value_bits=0x41234567 [OK]
[test_ecg_load_modes] K2-PLOAD   wc=32 dest=3849438    rd=3849438    [OK]
[test_ecg_load_modes] K2-M-U32   wc=32 dest=3849438    rd=3849438    [OK]
[test_ecg_load_modes] K2-M-U32-HIGH dest=9 rd=0xf1234567 [OK]
[test_ecg_load_modes] K2-M-S32 dest=7 rd=-1234567 [OK]
[test_ecg_load_modes] K2-M-F32 dest=5 bits=0x7fc12345 [OK]
[test_ecg_load_modes] K2-PLOAD64 dest=777 rd=0x123456789abcdef0 mrd=0x123456789abcdef0 [OK]
[test_ecg_load_modes] K2-WEIGHTED64 dest=511 weight=255 rd=0x76543210 mrd=0x76543210 [OK]
[test_ecg_load_modes] WLOAD2/K2 sidecar=0x51c0505 rd=0x51c0505 stream=0x51c0505 [OK]
[test_ecg_load_modes] K2-WPLOAD  wc=32 dest=3145729    rd=3145729    [OK]
[test_ecg_load_modes] RESULT: PASS (0 fail)
Exiting @ tick 828447500 because exiting with last active thread context
warn: The se.py script is deprecated. It will be removed in future releases of  gem5.
warn: No dot file generated. Please install pydot to generate the dot file and pdf.
src/mem/dram_interface.cc:690: warn: DRAM device capacity (8192 Mbytes) does not match the address range assigned (512 Mbytes)
src/arch/riscv/isa.cc:280: info: RVV enabled, VLEN = 256 bits, ELEN = 64 bits
src/base/statistics.hh:279: warn: One of the stats is a legacy stat. Legacy stat is a stat that does not belong to any statistics::Group. Legacy stat is deprecated.
src/base/remote_gdb.cc:418: warn: Sockets disabled, not accepting gdb connections
src/sim/simulate.cc:199: info: Entering event queue @ 0.  Starting simulation...
src/sim/syscall_emul.cc:85: warn: ignoring syscall set_robust_list(...)
      (further warnings will be suppressed)
src/sim/mem_state.cc:448: info: Increasing stack size by one page.
src/sim/syscall_emul.cc:74: warn: ignoring syscall mprotect(...)
src/sim/mem_state.cc:448: info: Increasing stack size by one page.
