Global frequency set at 1000000000000 ticks per second
gem5 Simulator System.  https://www.gem5.org
gem5 is copyrighted software; use the --copyright option for details.

gem5 version 24.0.0.1
gem5 compiled Jul 30 2026 00:27:12
gem5 started Jul 30 2026 17:20:06
gem5 executing on ab-razer, pid 1750948
command line: /home/ab/Documents/00_github_repos/02_GraphBrew/bench/include/gem5_sim/gem5/build/RISCV/gem5.opt --outdir=/tmp/ecg_modes_verify /home/ab/Documents/00_github_repos/02_GraphBrew/bench/include/gem5_sim/gem5/configs/deprecated/example/se.py --cmd /home/ab/Documents/00_github_repos/02_GraphBrew/bench/bin_gem5/test_ecg_load_modes_riscv_m5ops --cpu-type=AtomicSimpleCPU --options proposal-wrong-format

info: Standard input is not a terminal, disabling listeners.
**** REAL SIMULATION ****
[test_ecg_load_modes] K2-C-SS-MLOAD compact=0x763a5 canonical=0x2c001d00000005 dest=37 tier=3 epoch1=17 epoch2=29 current=11 context=7 value_bits=0x41234567 [FAIL]
[test_ecg_load_modes] RESULT: FAIL (1 fail)
Exiting @ tick 807479000 because exiting with last active thread context
Simulated exit code not 0! Exit code is 1
warn: The se.py script is deprecated. It will be removed in future releases of  gem5.
warn: No dot file generated. Please install pydot to generate the dot file and pdf.
src/mem/dram_interface.cc:690: warn: DRAM device capacity (8192 Mbytes) does not match the address range assigned (512 Mbytes)
src/arch/riscv/isa.cc:280: info: RVV enabled, VLEN = 256 bits, ELEN = 64 bits
src/base/statistics.hh:279: warn: One of the stats is a legacy stat. Legacy stat is a stat that does not belong to any statistics::Group. Legacy stat is deprecated.
src/base/remote_gdb.cc:418: warn: Sockets disabled, not accepting gdb connections
src/sim/simulate.cc:199: info: Entering event queue @ 0.  Starting simulation...
src/sim/syscall_emul.cc:85: warn: ignoring syscall set_robust_list(...)
      (further warnings will be suppressed)
src/sim/mem_state.cc:448: info: Increasing stack size by one page.
src/sim/syscall_emul.cc:74: warn: ignoring syscall mprotect(...)
src/sim/mem_state.cc:448: info: Increasing stack size by one page.
