Global frequency set at 1000000000000 ticks per second
gem5 Simulator System.  https://www.gem5.org
gem5 is copyrighted software; use the --copyright option for details.

gem5 version 24.0.0.1
gem5 compiled Jul 30 2026 00:27:12
gem5 started Jul 30 2026 17:20:02
gem5 executing on ab-razer, pid 1750890
command line: /home/ab/Documents/00_github_repos/02_GraphBrew/bench/include/gem5_sim/gem5/build/RISCV/gem5.opt --outdir=/tmp/ecg_modes_verify_o3_a8w3y7m6 /home/ab/Documents/00_github_repos/02_GraphBrew/bench/include/gem5_sim/configs/graphbrew/graph_se.py --binary /home/ab/Documents/00_github_repos/02_GraphBrew/bench/bin_gem5/test_ecg_load_modes_riscv_m5ops --options proposal-only --cpu-type O3 --policy ECG --ecg-mode ECG_GRASP_POPT --prefetcher none --l1d-size 4kB --l1i-size 4kB --l2-size 8kB --l3-size 16kB --l3-ways 8

info: Standard input is not a terminal, disabling listeners.
  Cleared stale runtime sideband: /tmp/gem5_popt_matrix.bin
  Cleared stale runtime sideband: /tmp/gem5_graphbrew_out_edges.bin
  Cleared stale runtime sideband: /tmp/gem5_graphbrew_in_edges.bin
Info: --graph-metadata not provided for ECG policy.
  C++ graph policies will use benchmark-written runtime sideband.
  Static Python metadata is only needed for pre-exported contexts.

Configuring gem5 SE simulation:
  Binary:     /home/ab/Documents/00_github_repos/02_GraphBrew/bench/bin_gem5/test_ecg_load_modes_riscv_m5ops
  Options:    proposal-only
  CPU:        O3
  L3 Policy:  ECG (ECG_GRASP_POPT)
  Prefetcher: none (l2)

Starting simulation...
Exiting @ tick 893467000 because exiting with last active thread context
warn: No dot file generated. Please install pydot to generate the dot file and pdf.
src/mem/dram_interface.cc:690: warn: DRAM device capacity (32768 Mbytes) does not match the address range assigned (4096 Mbytes)
src/arch/riscv/isa.cc:280: info: RVV enabled, VLEN = 256 bits, ELEN = 64 bits
src/base/statistics.hh:279: warn: One of the stats is a legacy stat. Legacy stat is a stat that does not belong to any statistics::Group. Legacy stat is deprecated.
src/base/remote_gdb.cc:418: warn: Sockets disabled, not accepting gdb connections
src/sim/simulate.cc:199: info: Entering event queue @ 0.  Starting simulation...
src/sim/syscall_emul.cc:85: warn: ignoring syscall set_robust_list(...)
      (further warnings will be suppressed)
src/sim/syscall_emul.hh:1075: warn: readlink() called on '/proc/self/exe' may yield unexpected results in various settings.
      Returning '/home/ab/Documents/00_github_repos/02_GraphBrew/bench/bin_gem5/test_ecg_load_modes_riscv_m5ops'
src/sim/mem_state.cc:448: info: Increasing stack size by one page.
src/sim/syscall_emul.cc:74: warn: ignoring syscall mprotect(...)
src/sim/mem_state.cc:448: info: Increasing stack size by one page.
[graphctx] register region source=gem5 name=(unnamed) base=0x21dac0 upper=0x21dcc0 hot_pct=15 grasp_region=1
[ECG-VARIANT-RECEIPT sim=gem5 requested=epoch_first effective=1 dueling=0]
[ECG-STREAM-BYPASS sim=gem5 cache=system.l3cache addr=0x180280 vaddr=0x190280 size=4 source=request-flag allocate=0]
[ECG-K2-EXPECT sim=gem5 seq=0 dest=37 tier=3 epoch1=17 epoch2=29 width=4]
[ECG-K2-RECV sim=gem5 seq=0 dest=37 tier=3 epoch1=17 epoch2=29 width=4]
[ECG-K2-REQUEST sim=gem5 seq=0 request_seq=2026466 dest=37 tier=3 epoch1=17 epoch2=29 current=11 context=7]
[ECG-K2-ACCEPT sim=gem5 seq=0 request_seq=2026466 request_dest=37 fill_dest=37 source=request tier=3 epoch1=17 epoch2=29 current=11 context=7 property_elem_bytes=4]

[test_ecg_load_modes] K2-C-SS-MLOAD compact=0x763a5 canonical=0x3a004700000025 dest=37 tier=3 epoch1=17 epoch2=29 current=11 context=7 value_bits=0x41234567 [OK]
[test_ecg_load_modes] RESULT: PASS (0 fail)

