$ /proc/self/fd/3 --outdir=/tmp/proposal_o3_verifier_live/matrices/60_gem5_proposal_k2m_o3/kron_s12_k4/pr/gem5/gem5_pr_ECG_K2_L332kB /tmp/proposal_o3_verifier_live/matrices/60_gem5_proposal_k2m_o3/kron_s12_k4/pr/.gem5-config-0001734749-1785456224769992380/graph_se.py --binary /tmp/proposal_o3_verifier_live/matrices/60_gem5_proposal_k2m_o3/kron_s12_k4/pr/.gem5-runtime-0001734749-1785456224696333339/pr_riscv_m5ops.4886bf1e6501ccfb2ab8dba8828bd7d1a9a0aff000b142154e6587a67b740f93 --options '-g 12 -k 4 -o 5 -n 1 -i 1' --policy ECG --prefetcher none --prefetcher-level l2 --structure-prefetch-degree 0 --l1d-size 4kB --l2-size 8kB --l3-size 32kB --l3-ways 8 --cpu-type O3 --ecg-mode ECG_GRASP_POPT
Global frequency set at 1000000000000 ticks per second
warn: No dot file generated. Please install pydot to generate the dot file and pdf.
src/mem/dram_interface.cc:690: warn: DRAM device capacity (32768 Mbytes) does not match the address range assigned (4096 Mbytes)
src/arch/riscv/isa.cc:280: info: RVV enabled, VLEN = 256 bits, ELEN = 64 bits
src/base/statistics.hh:279: warn: One of the stats is a legacy stat. Legacy stat is a stat that does not belong to any statistics::Group. Legacy stat is deprecated.
src/base/remote_gdb.cc:418: warn: Sockets disabled, not accepting gdb connections
gem5 Simulator System.  https://www.gem5.org
gem5 is copyrighted software; use the --copyright option for details.

gem5 version 24.0.0.1
gem5 compiled Jul 30 2026 00:27:12
gem5 started Jul 30 2026 17:03:44
gem5 executing on ab-razer, pid 1734839
command line: /proc/self/fd/3 --outdir=/tmp/proposal_o3_verifier_live/matrices/60_gem5_proposal_k2m_o3/kron_s12_k4/pr/gem5/gem5_pr_ECG_K2_L332kB /tmp/proposal_o3_verifier_live/matrices/60_gem5_proposal_k2m_o3/kron_s12_k4/pr/.gem5-config-0001734749-1785456224769992380/graph_se.py --binary /tmp/proposal_o3_verifier_live/matrices/60_gem5_proposal_k2m_o3/kron_s12_k4/pr/.gem5-runtime-0001734749-1785456224696333339/pr_riscv_m5ops.4886bf1e6501ccfb2ab8dba8828bd7d1a9a0aff000b142154e6587a67b740f93 --options '-g 12 -k 4 -o 5 -n 1 -i 1' --policy ECG --prefetcher none --prefetcher-level l2 --structure-prefetch-degree 0 --l1d-size 4kB --l2-size 8kB --l3-size 32kB --l3-ways 8 --cpu-type O3 --ecg-mode ECG_GRASP_POPT

info: Standard input is not a terminal, disabling listeners.
Info: --graph-metadata not provided for ECG policy.
  C++ graph policies will use benchmark-written runtime sideband.
  Static Python metadata is only needed for pre-exported contexts.

Configuring gem5 SE simulation:
  Binary:     /tmp/proposal_o3_verifier_live/matrices/60_gem5_proposal_k2m_o3/kron_s12_k4/pr/.gem5-runtime-0001734749-1785456224696333339/pr_riscv_m5ops.4886bf1e6501ccfb2ab8dba8828bd7d1a9a0aff000b142154e6587a67b740f93
  Options:    -g 12 -k 4 -o 5 -n 1 -i 1
  CPU:        O3
  L3 Policy:  ECG (ECG_GRASP_POPT)
  Prefetcher: none (l2)

Starting simulation...
src/sim/simulate.cc:199: info: Entering event queue @ 0.  Starting simulation...
src/sim/syscall_emul.cc:85: warn: ignoring syscall set_robust_list(...)
      (further warnings will be suppressed)
src/sim/syscall_emul.hh:1075: warn: readlink() called on '/proc/self/exe' may yield unexpected results in various settings.
      Returning '/tmp/proposal_o3_verifier_live/matrices/60_gem5_proposal_k2m_o3/kron_s12_k4/pr/.gem5-runtime-0001734749-1785456224696333339/pr_riscv_m5ops.4886bf1e6501ccfb2ab8dba8828bd7d1a9a0aff000b142154e6587a67b740f93'
src/sim/mem_state.cc:448: info: Increasing stack size by one page.
src/sim/syscall_emul.cc:74: warn: ignoring syscall mprotect(...)
src/sim/mem_state.cc:448: info: Increasing stack size by one page.
src/sim/mem_state.cc:448: info: Increasing stack size by one page.
[graphctx] register region source=gem5 name=(unnamed) base=0x3da000 upper=0x3de000 hot_pct=15 grasp_region=1
[graphctx] register region source=gem5 name=(unnamed) base=0x376000 upper=0x37a000 hot_pct=15 grasp_region=1
[ECG-VARIANT-RECEIPT sim=gem5 requested=epoch_first effective=1 dueling=0]
Exiting @ tick 68797320000 because exiting with last active thread context

[exit_code] 0
[elapsed_s] 322.242
